// Jest Snapshot v1, https://goo.gl/fbAQLP

exports[`<SortableTree /> should render tree correctly 1`] = `
<div
  className="rst__tree"
  style={Object {}}
>
  <div
    style={
      Object {
        "borderColor": "var(--ant-primary-color)",
        "paddingBottom": 2,
        "paddingTop": 2,
      }
    }
  >
    <div
      className="rst__node"
      parenttypes={
        Array [
          "folder",
        ]
      }
      roottype="space"
      style={
        Object {
          "height": 62,
        }
      }
    >
      <div
        className="rst__lineBlock rst__lineHalfHorizontalRight"
        style={
          Object {
            "width": 44,
          }
        }
      />
      <div
        className="rst__nodeContent"
        style={
          Object {
            "left": 44,
          }
        }
      >
        <div
          style={
            Object {
              "height": "100%",
            }
          }
        >
          <div
            className="rst__rowWrapper"
          >
            <div
              className="rst__row"
              style={
                Object {
                  "opacity": 1,
                }
              }
            >
              <div
                className="rst__moveHandle"
              />
              <div
                className="rst__rowContents"
              >
                <div
                  className="rst__rowLabel"
                >
                  <span
                    className="rst__rowTitle"
                  />
                </div>
                <div
                  className="rst__rowToolbar"
                />
              </div>
            </div>
          </div>
        </div>
      </div>
    </div>
  </div>
</div>
`;
